// Jest Snapshot v1, https://goo.gl/fbAQLP

exports[`enum generation: Language 1`] = `
"enum Language { 
Typescript=\\"Typescript\\",
Javascript=\\"Javascript\\",
Rust=\\"Rust\\",
Go=\\"Go\\",
Python=\\"Python\\",
Cpp=\\"Cpp\\"
 }"
`;

exports[`enum generation: NotificationType 1`] = `
"enum NotificationType { 
newPosts=\\"newPosts\\",
newComments=\\"newComments\\",
newFollowers=\\"newFollowers\\",
reply=\\"reply\\",
heartOnPost=\\"heartOnPost\\",
heartOnComment=\\"heartOnComment\\",
heartOnReply=\\"heartOnReply\\"
 }"
`;

exports[`enum generation: State 1`] = `
"enum State { 
Active=\\"Active\\",
Pending=\\"Pending\\",
Banned=\\"Banned\\"
 }"
`;
